==> XLSX     : C:\Users\joanj\Documents\ProyectoNCBI_COL\taxbridge\data\metazoa_genomes_taxonomy.xlsx
==> Sheet    : Sheet1
==> Column   : Organism
==> limit    : 0 (filas leídas; 0=sin límite)
==> max-new  : 150 (nuevos reales; 0=sin límite)
==> update   : False
==> dry-run  : False
==> log-file : logs\import_ncbi.log
==> Nombres únicos leídos: 1114
[CREATE] taxid=7091 name='Bombyx mori' rank=species
[CREATE] taxid=29058 name='Helicoverpa armigera' rank=species
[CREATE] taxid=680683 name='Amyelois transitella' rank=species
[CREATE] taxid=9598 name='Pan troglodytes' rank=species
[CREATE] taxid=6239 name='Caenorhabditis elegans' rank=species
[CREATE] taxid=159736 name='Macrobrachium nipponense' rank=species
[CREATE] taxid=6669 name='Daphnia pulex' rank=species
[CREATE] taxid=9541 name='Macaca fascicularis' rank=species
[CREATE] taxid=89462 name='Bubalus bubalis' rank=species
[CREATE] taxid=8839 name='Anas platyrhynchos' rank=species
[CREATE] taxid=50390 name='Diabrotica virgifera virgifera' rank=subspecies
[CREATE] taxid=7955 name='Danio rerio' rank=species
[CREATE] taxid=103695 name='Pogona vitticeps' rank=species
[CREATE] taxid=59729 name='Taeniopygia guttata' rank=species
[CREATE] taxid=6565 name='Crassostrea virginica' rank=species
[CREATE] taxid=143350 name='Pagrus major' rank=species
[CREATE] taxid=8255 name='Paralichthys olivaceus' rank=species
[CREATE] taxid=48193 name='Mugil cephalus' rank=species
[CREATE] taxid=230844 name='Peromyscus maniculatus bairdii' rank=subspecies
[CREATE] taxid=9595 name='Gorilla gorilla gorilla' rank=subspecies
[CREATE] taxid=7200 name='Lutzomyia longipalpis' rank=species
[CREATE] taxid=9301 name='Sminthopsis crassicaudata' rank=species
[CREATE] taxid=9600 name='Pongo pygmaeus' rank=species
[CREATE] taxid=101364 name='Carassius gibelio' rank=species
[CREATE] taxid=9590 name='Symphalangus syndactylus' rank=species
[CREATE] taxid=116153 name='Aethina tumida' rank=species
[CREATE] taxid=130591 name='Lycorma delicatula' rank=species
[CREATE] taxid=72248 name='Colias croceus' rank=species
[CREATE] taxid=10116 name='Rattus norvegicus' rank=species
[CREATE] taxid=8090 name='Oryzias latipes' rank=species
[CREATE] taxid=9031 name='Gallus gallus' rank=species
[CREATE] taxid=10090 name='Mus musculus' rank=species
[CREATE] taxid=9606 name='Homo sapiens' rank=species
[CREATE] taxid=9913 name='Bos taurus' rank=species
[CREATE] taxid=9544 name='Macaca mulatta' rank=species
[CREATE] taxid=9615 name='Canis lupus familiaris' rank=subspecies
[CREATE] taxid=7602 name='Asterias amurensis' rank=species
[CREATE] taxid=7227 name='Drosophila melanogaster' rank=species
[CREATE] taxid=143281 name='Canis lupus baileyi' rank=subspecies
[CREATE] taxid=113334 name='Melitaea cinxia' rank=species
[CREATE] taxid=80720 name='Gadus macrocephalus' rank=species
[CREATE] taxid=9940 name='Ovis aries' rank=species
[CREATE] taxid=6604 name='Mya arenaria' rank=species
[CREATE] taxid=9925 name='Capra hircus' rank=species
[CREATE] taxid=286419 name='Canis lupus dingo' rank=subspecies
[CREATE] taxid=8355 name='Xenopus laevis' rank=species
[CREATE] taxid=10029 name='Cricetulus griseus' rank=species
[CREATE] taxid=7159 name='Aedes aegypti' rank=species
[CREATE] taxid=9823 name='Sus scrofa' rank=species
==> XLSX     : C:\Users\joanj\Documents\ProyectoNCBI_COL\taxbridge\data\metazoa_genomes_taxonomy.xlsx
==> Sheet    : Sheet1
==> Column   : Organism
==> limit    : 0 (filas leídas; 0=sin límite)
==> max-new  : 150 (nuevos reales; 0=sin límite)
==> update   : False
==> dry-run  : False
==> log-file : logs\import_ncbi.log
==> Nombres únicos leídos: 1114
[CREATE] taxid=7091 name='Bombyx mori' rank=species
[CREATE] taxid=29058 name='Helicoverpa armigera' rank=species
[CREATE] taxid=680683 name='Amyelois transitella' rank=species
[CREATE] taxid=9598 name='Pan troglodytes' rank=species
[CREATE] taxid=6239 name='Caenorhabditis elegans' rank=species
[CREATE] taxid=159736 name='Macrobrachium nipponense' rank=species
[CREATE] taxid=6669 name='Daphnia pulex' rank=species
[CREATE] taxid=9541 name='Macaca fascicularis' rank=species
[CREATE] taxid=89462 name='Bubalus bubalis' rank=species
[CREATE] taxid=8839 name='Anas platyrhynchos' rank=species
[CREATE] taxid=50390 name='Diabrotica virgifera virgifera' rank=subspecies
[CREATE] taxid=7955 name='Danio rerio' rank=species
[CREATE] taxid=103695 name='Pogona vitticeps' rank=species
[CREATE] taxid=59729 name='Taeniopygia guttata' rank=species
[CREATE] taxid=6565 name='Crassostrea virginica' rank=species
[CREATE] taxid=143350 name='Pagrus major' rank=species
[CREATE] taxid=8255 name='Paralichthys olivaceus' rank=species
[CREATE] taxid=48193 name='Mugil cephalus' rank=species
[CREATE] taxid=230844 name='Peromyscus maniculatus bairdii' rank=subspecies
[CREATE] taxid=9595 name='Gorilla gorilla gorilla' rank=subspecies
[CREATE] taxid=7200 name='Lutzomyia longipalpis' rank=species
[CREATE] taxid=9301 name='Sminthopsis crassicaudata' rank=species
[CREATE] taxid=9600 name='Pongo pygmaeus' rank=species
[CREATE] taxid=101364 name='Carassius gibelio' rank=species
[CREATE] taxid=9590 name='Symphalangus syndactylus' rank=species
[CREATE] taxid=116153 name='Aethina tumida' rank=species
[CREATE] taxid=130591 name='Lycorma delicatula' rank=species
[CREATE] taxid=72248 name='Colias croceus' rank=species
[CREATE] taxid=10116 name='Rattus norvegicus' rank=species
[CREATE] taxid=8090 name='Oryzias latipes' rank=species
[CREATE] taxid=9031 name='Gallus gallus' rank=species
[CREATE] taxid=10090 name='Mus musculus' rank=species
[CREATE] taxid=9606 name='Homo sapiens' rank=species
[CREATE] taxid=9913 name='Bos taurus' rank=species
[CREATE] taxid=9544 name='Macaca mulatta' rank=species
[CREATE] taxid=9615 name='Canis lupus familiaris' rank=subspecies
[CREATE] taxid=7602 name='Asterias amurensis' rank=species
[CREATE] taxid=7227 name='Drosophila melanogaster' rank=species
[CREATE] taxid=143281 name='Canis lupus baileyi' rank=subspecies
[CREATE] taxid=113334 name='Melitaea cinxia' rank=species
[CREATE] taxid=80720 name='Gadus macrocephalus' rank=species
[CREATE] taxid=9940 name='Ovis aries' rank=species
[CREATE] taxid=6604 name='Mya arenaria' rank=species
[CREATE] taxid=9925 name='Capra hircus' rank=species
[CREATE] taxid=286419 name='Canis lupus dingo' rank=subspecies
[CREATE] taxid=8355 name='Xenopus laevis' rank=species
[CREATE] taxid=10029 name='Cricetulus griseus' rank=species
[CREATE] taxid=7159 name='Aedes aegypti' rank=species
[CREATE] taxid=9823 name='Sus scrofa' rank=species
[CREATE] taxid=8030 name='Salmo salar' rank=species
[CREATE] taxid=7460 name='Apis mellifera' rank=species
[CREATE] taxid=9796 name='Equus caballus' rank=species
[CREATE] taxid=9986 name='Oryctolagus cuniculus' rank=species
[CREATE] taxid=7108 name='Spodoptera frugiperda' rank=species
[CREATE] taxid=9483 name='Callithrix jacchus' rank=species
[CREATE] taxid=9685 name='Felis catus' rank=species
[CREATE] taxid=7165 name='Anopheles gambiae' rank=species
[CREATE] taxid=9915 name='Bos indicus' rank=species
[CREATE] taxid=6689 name='Penaeus vannamei' rank=species
[CREATE] taxid=8022 name='Oncorhynchus mykiss' rank=species
[CREATE] taxid=29159 name='Magallana gigas' rank=species
[CREATE] taxid=60711 name='Chlorocebus sabaeus' rank=species
[CREATE] taxid=7160 name='Aedes albopictus' rank=species
[CREATE] taxid=481459 name='Gasterosteus aculeatus aculeatus' rank=subspecies
[CREATE] taxid=7070 name='Tribolium castaneum' rank=species
[CREATE] taxid=8128 name='Oreochromis niloticus' rank=species
[CREATE] taxid=7959 name='Ctenopharyngodon idella' rank=species
[CREATE] taxid=8364 name='Xenopus tropicalis' rank=species
[CREATE] taxid=108931 name='Nilaparvata lugens' rank=species
[CREATE] taxid=7719 name='Ciona intestinalis' rank=species
[CREATE] taxid=35525 name='Daphnia magna' rank=species
[CREATE] taxid=8296 name='Ambystoma mexicanum' rank=species
[CREATE] taxid=95602 name='Eriocheir sinensis' rank=species
[CREATE] taxid=79674 name='Macrobrachium rosenbergii' rank=species
[CREATE] taxid=51655 name='Plutella xylostella' rank=species
[CREATE] taxid=7038 name='Bemisia tabaci' rank=species
[CREATE] taxid=7957 name='Carassius auratus' rank=species
[CREATE] taxid=93934 name='Coturnix japonica' rank=species
[CREATE] taxid=8175 name='Sparus aurata' rank=species
[CREATE] taxid=215358 name='Larimichthys crocea' rank=species
[CREATE] taxid=8845 name='Anser cygnoides' rank=species
[CREATE] taxid=105023 name='Nothobranchius furzeri' rank=species
[CREATE] taxid=6687 name='Penaeus monodon' rank=species
[CREATE] taxid=7029 name='Acyrthosiphon pisum' rank=species
[CREATE] taxid=30069 name='Anopheles stephensi' rank=species
[CREATE] taxid=13616 name='Monodelphis domestica' rank=species
[CREATE] taxid=52904 name='Scophthalmus maximus' rank=species
[CREATE] taxid=10117 name='Rattus rattus' rank=species
[CREATE] taxid=9555 name='Papio anubis' rank=species
[CREATE] taxid=6941 name='Rhipicephalus microplus' rank=species
[CREATE] taxid=7240 name='Drosophila simulans' rank=species
[CREATE] taxid=85552 name='Scylla paramamosain' rank=species
[CREATE] taxid=27457 name='Bactrocera dorsalis' rank=species
[CREATE] taxid=45351 name='Nematostella vectensis' rank=species
[CREATE] taxid=7936 name='Anguilla anguilla' rank=species
[CREATE] taxid=8078 name='Fundulus heteroclitus' rank=species
[CREATE] taxid=8049 name='Gadus morhua' rank=species
[CREATE] taxid=7998 name='Ictalurus punctatus' rank=species
[CREATE] taxid=29158 name='Mytilus galloprovincialis' rank=species
[CREATE] taxid=9103 name='Meleagris gallopavo' rank=species
[CREATE] taxid=6728 name='Procambarus clarkii' rank=species
[CREATE] taxid=1234273 name='Tachysurus fulvidraco' rank=species
[CREATE] taxid=7962 name='Cyprinus carpio' rank=species
[CREATE] taxid=8932 name='Columba livia' rank=species
[CREATE] taxid=7461 name='Apis cerana' rank=species
[CREATE] taxid=7994 name='Astyanax mexicanus' rank=species
[CREATE] taxid=7425 name='Nasonia vitripennis' rank=species
[CREATE] taxid=244447 name='Cynoglossus semilaevis' rank=species
[CREATE] taxid=6978 name='Periplaneta americana' rank=species
[CREATE] taxid=30195 name='Bombus terrestris' rank=species
[CREATE] taxid=13686 name='Solenopsis invicta' rank=species
[CREATE] taxid=9545 name='Macaca nemestrina' rank=species
[CREATE] taxid=45264 name='Acropora millepora' rank=species
[CREATE] taxid=7176 name='Culex quinquefasciatus' rank=species
[CREATE] taxid=9646 name='Ailuropoda melanoleuca' rank=species
[CREATE] taxid=43179 name='Ictidomys tridecemlineatus' rank=species
[CREATE] taxid=13735 name='Pelodiscus sinensis' rank=species
[CREATE] taxid=80765 name='Aphis gossypii' rank=species
[CREATE] taxid=119488 name='Siniperca chuatsi' rank=species
[CREATE] taxid=6238 name='Caenorhabditis briggsae' rank=species
[CREATE] taxid=7237 name='Drosophila pseudoobscura' rank=species
[CREATE] taxid=9793 name='Equus asinus' rank=species
[CREATE] taxid=9837 name='Camelus bactrianus' rank=species
[CREATE] taxid=115357 name='Harmonia axyridis' rank=species
[CREATE] taxid=8187 name='Lates calcarifer' rank=species
[CREATE] taxid=8400 name='Aquarana catesbeiana' rank=species
[CREATE] taxid=9739 name='Tursiops truncatus' rank=species
[CREATE] taxid=8032 name='Salmo trutta' rank=species
[CREATE] taxid=69820 name='Spodoptera litura' rank=species
[CREATE] taxid=215402 name='Channa argus' rank=species
[CREATE] taxid=31138 name='Trachemys scripta elegans' rank=subspecies
[CREATE] taxid=30732 name='Oryzias melastigma' rank=species
[CREATE] taxid=28377 name='Anolis carolinensis' rank=species
[CREATE] taxid=400727 name='Pomacea canaliculata' rank=species
[CREATE] taxid=74940 name='Oncorhynchus tshawytscha' rank=species
[CREATE] taxid=42434 name='Culex pipiens pallens' rank=subspecies
[CREATE] taxid=7757 name='Petromyzon marinus' rank=species
[CREATE] taxid=9838 name='Camelus dromedarius' rank=species
[CREATE] taxid=6526 name='Biomphalaria glabrata' rank=species
[CREATE] taxid=75352 name='Megalobrama amblycephala' rank=species
[CREATE] taxid=8081 name='Poecilia reticulata' rank=species
[CREATE] taxid=31033 name='Takifugu rubripes' rank=species
[CREATE] taxid=9694 name='Panthera tigris' rank=species
[CREATE] taxid=7244 name='Drosophila virilis' rank=species
[CREATE] taxid=7067 name='Tenebrio molitor' rank=species
[CREATE] taxid=59479 name='Rhinolophus ferrumequinum' rank=species
[CREATE] taxid=7217 name='Drosophila ananassae' rank=species
[CREATE] taxid=99487 name='Elephas maximus indicus' rank=subspecies
[CREATE] taxid=9315 name='Notamacropus eugenii' rank=species
[CREATE] taxid=27406 name='Cherax quadricarinatus' rank=species
[STOP] alcanzado max-new=150
==> RESUMEN
  created      : 150
  updated      : 0
  skipped      : 0
  no_match     : 0
  inserted_new : 150
[32;1mImportación completada.[0m
